--- TESTING WIZARD LOGIC ---
Using Account ID: cmjqokthl0000tmfovt9584uh
Attempting Transaction...
node.exe : FULL ERROR: PrismaClientValidationError: 
At line:1 char:1
+ & "C:\Program Files\nodejs/node.exe" "C:\Program Files\nodejs/node_mo ...
+ ~~~~~~~~~~~~~~~~~~~~~~~~~~~~~~~~~~~~~~~~~~~~~~~~~~~~~~~~~~~~~~~~~~~~~
    + CategoryInfo          : NotSpecified: (FULL ERROR: Pri...lidationError: :String) [], RemoteException
    + FullyQualifiedErrorId : NativeCommandError
 
Invalid `tx.loanProduct.create()` invocation in
C:\Users\Hp\Downloads\Capital Crew\capital-crew\scripts\test-wizard-logic.ts:64:53

  61 const product = await prisma.$transaction(async (tx) => {
  62     // 1. Create Product
  63     // @ts-ignore
ΓåÆ 64     const newProduct = await tx.loanProduct.create({
           data: {
             name: "TEST_PRODUCT_1767246473058",
             shortCode: "TP405",
             description: "Automated Test Product",
             currency: "KES",
             principal: 50000,
             minPrincipal: 10000,
             maxPrincipal: 100000,
             numberOfRepayments: 12,
             minRepaymentTerms: 6,
             maxRepaymentTerms: 24,
             repaymentEvery: 1,
             repaymentFrequencyType: "MONTHLY",
                                     ~~~~~~~~~
             interestRatePerPeriod: 1.5,
             interestType: "DECLINING_BALANCE",
             interestCalculationPeriodType: "SAME_AS_REPAYMENT",
             amortizationType: "EQUAL_INSTALLMENTS",
             defaultPenaltyRate: 5,
             gracePeriod: 3,
             charges: [],
             isActive: true
           }
         })

Invalid value for argument `repaymentFrequencyType`. Expected RepaymentFrequencyType.
    at throwValidationException (C:\Users\Hp\Downloads\Capital 
Crew\capital-crew\node_modules\@prisma\client\src\runtime\core\errorRendering\throwValidationException.ts:45:9)
    at ei.handleRequestError (C:\Users\Hp\Downloads\Capital 
Crew\capital-crew\node_modules\@prisma\client\src\runtime\RequestHandler.ts:202:7)
    at ei.handleAndLogRequestError (C:\Users\Hp\Downloads\Capital 
Crew\capital-crew\node_modules\@prisma\client\src\runtime\RequestHandler.ts:174:12)
    at ei.request (C:\Users\Hp\Downloads\Capital 
Crew\capital-crew\node_modules\@prisma\client\src\runtime\RequestHandler.ts:143:12)
    at async a (C:\Users\Hp\Downloads\Capital 
Crew\capital-crew\node_modules\@prisma\client\src\runtime\getPrismaClient.ts:833:24)
    at async <anonymous> (C:\Users\Hp\Downloads\Capital Crew\capital-crew\scripts\test-wizard-logic.ts:64:32)
    at async Proxy._transactionWithCallback (C:\Users\Hp\Downloads\Capital 
Crew\capital-crew\node_modules\@prisma\client\src\runtime\getPrismaClient.ts:722:18)
    at async main (C:\Users\Hp\Downloads\Capital Crew\capital-crew\scripts\test-wizard-logic.ts:61:25) {
  clientVersion: '6.19.1'
}
